2026-10-02 17:58:09 0 [Note] Starting MariaDB 11.8.8-MariaDB-1 from Debian source revision 46a8eb42a520193686d9a16d4cea4b3e002917e4 server_uid unknown as process 25
2026-10-02 17:58:10 0 [Note] InnoDB: Compressed tables use zlib 1.3.2
2026-10-02 17:58:10 0 [Note] InnoDB: Number of transaction pools: 1
2026-10-02 17:58:10 0 [Note] InnoDB: Using crc32 + pclmulqdq instructions
2026-10-02 17:58:10 0 [Warning] mariadbd: io_uring_queue_init() failed with ENOSYS: check seccomp filters, and the kernel version (newer than 5.1 required)
create_uring failed: falling back to libaio
2026-10-02 17:58:10 0 [Note] InnoDB: Using Linux native AIO
2026-10-02 17:58:10 0 [Note] InnoDB: innodb_buffer_pool_size_max=8388608m, innodb_buffer_pool_size=128m
2026-10-02 17:58:10 0 [Note] InnoDB: Initialized memory pressure event listener
2026-10-02 17:58:10 0 [Note] InnoDB: Completed initialization of buffer pool
2026-10-02 17:58:10 0 [Note] InnoDB: File system buffers for log disabled (block size=512 bytes)
2026-10-02 17:58:10 0 [Note] InnoDB: End of log at LSN=45568
2026-10-02 17:58:10 0 [Note] InnoDB: Opened 3 undo tablespaces
2026-10-02 17:58:10 0 [Note] InnoDB: 128 rollback segments in 3 undo tablespaces are active.
2026-10-02 17:58:10 0 [Note] InnoDB: Setting file './ibtmp1' size to 12.000MiB. Physically writing the file full; Please wait ...
2026-10-02 17:58:10 0 [Note] InnoDB: File './ibtmp1' size is now 12.000MiB.
2026-10-02 17:58:10 0 [Note] InnoDB: log sequence number 45568; transaction id 14
2026-10-02 17:58:10 0 [Note] Plugin 'FEEDBACK' is disabled.
2026-10-02 17:58:10 0 [Note] InnoDB: Loading buffer pool(s) from /home/bharath/catbot/data/mysql/ib_buffer_pool
2026-10-02 17:58:10 0 [Note] Plugin 'wsrep-provider' is disabled.
2026-10-02 17:58:10 0 [Note] InnoDB: Buffer pool(s) load completed at 261002 17:58:10
2026-10-02 17:58:13 0 [Note] Server socket created on IP: '127.0.0.1', port: '3306'.
2026-10-02 17:58:13 0 [ERROR] Can't start server: Bind on TCP/IP port. Got error: 98: Address already in use
2026-10-02 17:58:13 0 [ERROR] Do you already have another server running on port: 3306 ?
2026-10-02 17:58:13 0 [ERROR] Aborting
2026-10-02 17:59:28 0 [Note] Starting MariaDB 11.8.8-MariaDB-1 from Debian source revision 46a8eb42a520193686d9a16d4cea4b3e002917e4 server_uid unknown as process 25
2026-10-02 17:59:28 0 [Note] InnoDB: Compressed tables use zlib 1.3.2
2026-10-02 17:59:28 0 [Note] InnoDB: Number of transaction pools: 1
2026-10-02 17:59:28 0 [Note] InnoDB: Using crc32 + pclmulqdq instructions
2026-10-02 17:59:28 0 [Warning] mariadbd: io_uring_queue_init() failed with ENOSYS: check seccomp filters, and the kernel version (newer than 5.1 required)
create_uring failed: falling back to libaio
2026-10-02 17:59:28 0 [Note] InnoDB: Using Linux native AIO
2026-10-02 17:59:28 0 [Note] InnoDB: innodb_buffer_pool_size_max=8388608m, innodb_buffer_pool_size=128m
2026-10-02 17:59:28 0 [Note] InnoDB: Initialized memory pressure event listener
2026-10-02 17:59:28 0 [Note] InnoDB: Completed initialization of buffer pool
2026-10-02 17:59:28 0 [Note] InnoDB: File system buffers for log disabled (block size=512 bytes)
2026-10-02 17:59:28 0 [Note] InnoDB: End of log at LSN=45568
2026-10-02 17:59:28 0 [Note] InnoDB: Opened 3 undo tablespaces
2026-10-02 17:59:28 0 [Note] InnoDB: 128 rollback segments in 3 undo tablespaces are active.
2026-10-02 17:59:28 0 [Note] InnoDB: Setting file './ibtmp1' size to 12.000MiB. Physically writing the file full; Please wait ...
2026-10-02 17:59:28 0 [Note] InnoDB: File './ibtmp1' size is now 12.000MiB.
2026-10-02 17:59:28 0 [Note] InnoDB: log sequence number 45568; transaction id 14
2026-10-02 17:59:28 0 [Note] Plugin 'FEEDBACK' is disabled.
2026-10-02 17:59:28 0 [Note] InnoDB: Loading buffer pool(s) from /home/bharath/catbot/data/mysql/ib_buffer_pool
2026-10-02 17:59:28 0 [Note] Plugin 'wsrep-provider' is disabled.
2026-10-02 17:59:28 0 [Note] InnoDB: Buffer pool(s) load completed at 261002 17:59:28
2026-10-02 17:59:31 0 [Note] Server socket created on IP: '127.0.0.1', port: '3307'.
2026-10-02 17:59:31 0 [Note] mariadbd: Event Scheduler: Loaded 0 events
2026-10-02 17:59:31 0 [Note] /usr/sbin/mariadbd: ready for connections.
Version: '11.8.8-MariaDB-1 from Debian'  socket: '/home/bharath/catbot/data/mysql.sock'  port: 3307  -- Please help get to 10k stars at https://github.com/MariaDB/Server
2026-10-02 18:08:25 9 [Warning] Aborted connection 9 to db: 'catchat_db' user: 'catbot' host: 'localhost' (Got an error reading communication packets)
2026-10-02 18:09:41 11 [Warning] Aborted connection 11 to db: 'catchat_db' user: 'catbot' host: 'localhost' (Got an error reading communication packets)
2026-10-02 19:13:30 0 [Note] InnoDB: Memory pressure event disregarded; innodb_buffer_pool_size=128m, innodb_buffer_pool_size_auto_min=8388608m
2026-10-02 19:15:33 12 [Warning] Aborted connection 12 to db: 'catchat_db' user: 'catbot' host: 'localhost' (Got an error reading communication packets)
2026-10-02 19:26:57 14 [Warning] Aborted connection 14 to db: 'catchat_db' user: 'catbot' host: 'localhost' (Got an error reading communication packets)
2026-10-02 19:35:29 0 [Note] InnoDB: Memory pressure event disregarded; innodb_buffer_pool_size=128m, innodb_buffer_pool_size_auto_min=8388608m
